<?xml version="1.0" encoding="UTF-8"?>
<testsuites name="jest tests" tests="1" failures="0" errors="0" time="19.509">
  <testsuite name="Axios API Adapter" errors="0" failures="0" skipped="0" timestamp="2023-01-17T11:35:27" time="18.027" tests="1">
    <testcase classname="Axios API Adapter should export all http verbs" name="Axios API Adapter should export all http verbs" time="0.011">
    </testcase>
  </testsuite>
</testsuites>